  console.warn
    ΓÜá∩╕Å Firebase Admin initialization bypassed: Invalid or missing credentials provided in .env

    [0m [90m 13 |[39m     })[33m;[39m
     [90m 14 |[39m   } [36mcatch[39m (error) {
    [31m[1m>[22m[39m[90m 15 |[39m     console[33m.[39mwarn([32m'ΓÜá∩╕Å Firebase Admin initialization bypassed: Invalid or missing credentials provided in .env'[39m)[33m;[39m
     [90m    |[39m             [31m[1m^[22m[39m
     [90m 16 |[39m     [90m// Fallback for local dev without credentials[39m
     [90m 17 |[39m     admin[33m.[39minitializeApp({ projectId[33m:[39m [32m'demo-project'[39m })[33m;[39m
     [90m 18 |[39m   }[0m

      at Object.warn (src/config/firebase.js:15:13)
      at Object.require (src/services/authService.js:2:18)
      at Object.require (src/routes/auth.js:3:21)
      at Object.require (src/app.js:7:20)
      at Object.require (tests/integration/expenses.test.js:2:13)

node.exe : FAIL tests/integration/expenses.test.js
At C:\Program Files\nodejs\npx.ps1:29 char:3
+   & $NODE_EXE $NPX_CLI_JS $args
+   ~~~~~~~~~~~~~~~~~~~~~~~~~~~~~
    + CategoryInfo          : NotSpecified: (FAIL tests/integration/expenses.test.js:String) [], RemoteException
    + FullyQualifiedErrorId : NativeCommandError
 
  ΓùÅ Test suite failed to run

    TypeError: Router.use() requires a middleware function

    [0m [90m  8 |[39m
     [90m  9 |[39m [90m// All expense routes require authentication[39m
    [31m[1m>[22m[39m[90m 10 |[39m router[33m.[39muse(authenticate)[33m;[39m
     [90m    |[39m        [31m[1m^[22m[39m
     [90m 11 |[39m
     [90m 12 |[39m [90m// --- Validation Schemas ---[39m
     [90m 13 |[39m[0m

      at Function.use (../node_modules/express/lib/router/index.js:462:11)
      at Object.use (src/routes/expenses.js:10:8)
      at Object.require (src/app.js:8:24)
      at Object.require (tests/integration/expenses.test.js:2:13)

Test Suites: 1 failed, 1 total
Tests:       0 total
Snapshots:   0 total
Time:        2.417 s
Ran all test suites matching /tests\\integration\\expenses.test.js/i.
